=== KEN-66 browser verification 2026-08-29T16:41:32Z ===
Google Chrome 152.0.7977.65 
v26.7.0
--- tsc で ch04 をビルド ---
--- 1.4 measure-http.solution.sh を localhost に対して実行 ---
curl: (7) Failed to connect to localhost port 8647 after 0 ms: Couldn't connect to server
# 課題1.4 HTTP計測 (localhost のみ。外部URLは使用しない)
# port=8647 root=.verification/ken66/fixtures/ex1_4
url,http_code,http_version,dns_s,tcp_s,tls_s,ttfb_s,total_s,size_bytes
http://localhost:8647/index.html,200,1,0.000013,0.000311,0.000000,0.003380,0.003621,3005
http://localhost:8647/static.html,200,1,0.000010,0.001282,0.000000,0.002657,0.003456,370
http://localhost:8647/spa.html,200,1,0.000011,0.000260,0.000000,0.003475,0.003849,855
--- Chrome + CDP で6演習を検証 ---
Chrome: Chrome/152.0.7977.65 / DevTools port 54927 / headless=true
=== 課題1.4 自分のWebの「使用履歴」を可視化 ===
開始: 2026-08-29T16:41:35.667Z
localhost サーバ起動: http://localhost:8641 (root=.verification/ken66/fixtures/ex1_4)
※ 実ブラウザ履歴は使用しない。fixtures/ex1_4/history.json のダミーデータのみ。
可視化: バー 8 本 / 分類表 8 行 / ダミーデータ限定=true
Document リクエスト: 初期→リンク遷移で +1 / SPA遷移2回で +0
SPA 状態: url=http://localhost:8641/spa.html?view=settings view=settings navCount=2
--- チェック結果 ---
  PASS: 履歴グラフが8本描画される (bars=8)
  PASS: 分類表が8行描画される (rows=8)
  PASS: ダミーデータのみ使用
  PASS: 通常リンク遷移で Document リクエストが発生
  PASS: SPA遷移では Document リクエストが発生しない
  PASS: SPA遷移で URL と表示が更新される
  PASS: Console 重大エラー0件
  PASS: Network 失敗0件
  PASS: CSP 違反0件
所要時間: 1.64 秒
判定: PASS

>>> 1.4 PASS (1.64s)

=== 課題4.1 レンダリングパイプラインを計測する ===
開始: 2026-08-29T16:41:37.378Z
localhost サーバ起動: http://localhost:8642 (root=code/ch04/render-bench)
初期描画: .item = 1000 個
bad: performance.measure = 240 ms
better: performance.measure = 1.5 ms
best: performance.measure = 9.9 ms
LayoutCount=1006 RecalcStyleCount=1014 LayoutDuration=0.2535s RecalcStyleDuration=0.0070s
Web Vitals: LCP=56ms CLS=0 INP=248ms FID=1ms
--- チェック結果 ---
  PASS: ステージに1000要素が生成される (items=1000)
  PASS: Bad の計測値が取得できる (240ms)
  PASS: Better の計測値が取得できる (1.5ms)
  PASS: Best の計測値が取得できる (9.9ms)
  PASS: Bad が最も遅い (強制同期レイアウトを再現) (bad=240 better=1.5 best=9.9)
  PASS: Layout が複数回発生している (LayoutCount=1006)
  PASS: LCP を実測できた (56ms)
  PASS: CLS を実測できた (0)
  PASS: INP(event duration) を実測できた (248ms)
  PASS: Console 重大エラー0件
  PASS: Network 失敗0件
  PASS: CSP 違反0件
所要時間: 2.44 秒
判定: PASS

>>> 4.1 PASS (2.44s)

=== 課題4.2 純粋なDOM APIでTodoアプリ ===
開始: 2026-08-29T16:41:39.824Z
tsc 出力を配置: build/ch04/todo-vanilla/solution/{app.js,index.html}
localhost サーバ起動: http://localhost:8643 (root=.verification/ken66/build/ch04)
追加後: 3件 / status="3件が未完了"
完了切替後: completed=1 status="2件が未完了"
フィルター active: 表示 2 件 / aria-pressed=true
フィルター completed: 表示 1 件 / aria-pressed=true
フィルター all: 表示 3 件 / aria-pressed=true
localStorage: 3件保存 / 再読込後の表示 3件
Ctrl+Enter 後: completed=3 status="0件が未完了"
削除後: 2件
--- チェック結果 ---
  PASS: Todo を3件追加できる (count=3)
  PASS: aria-live の残件表示が更新される (3件が未完了)
  PASS: 完了切替が反映される (2件が未完了)
  PASS: Active フィルターが未完了2件を表示
  PASS: Completed フィルターが完了1件を表示
  PASS: All フィルターが3件を表示
  PASS: localStorage に永続化され再読込後も残る (stored=3 reload=3)
  PASS: Ctrl+Enter で全件完了になる (0件が未完了)
  PASS: 削除で1件減る (count=2)
  PASS: Console 重大エラー0件
  PASS: Network 失敗0件
  PASS: CSP 違反0件
所要時間: 2.98 秒
判定: PASS

>>> 4.2 PASS (2.98s)

=== 課題6.4 Web Components で型安全な Counter ===
開始: 2026-08-29T16:41:42.823Z
localhost サーバ起動: http://localhost:8644 (root=code/ch06/web-component-counter/solution)
定義=true shadowRoot=true(open) 初期値=10 value=10
+2 +2 -2 後: 表示=12 value=12 <output>=12 change イベント=[12,14,12]
initial=100 属性変更後: 表示=100 value=100
value=7 設定後: 表示=7 <output>=7
スタイル隔離: shadow内 button min-width=32px / light DOM の button=0個 / :host display=inline-flex
--- チェック結果 ---
  PASS: custom element が定義される
  PASS: Shadow DOM (open) が生成される
  PASS: initial=10 が初期値に反映される (shown=10 value=10)
  PASS: step=2 で +2/+2/-2 が 12→14→12 になる ([12,14,12])
  PASS: change イベントが light DOM の <output> へ反映される (12)
  PASS: attributeChangedCallback で initial 変更が反映される
  PASS: value プロパティ書き込みが反映される
  PASS: :host のスタイルが Shadow DOM 内に隔離される (32px/inline-flex)
  PASS: Console 重大エラー0件
  PASS: Network 失敗0件
  PASS: CSP 違反0件
所要時間: 0.88 秒
判定: PASS

>>> 6.4 PASS (0.88s)

=== 課題9.2 Service Worker でオフライン対応 ===
開始: 2026-08-29T16:41:43.716Z
localhost サーバ起動: http://localhost:8645 (root=code/ch09/pwa-service-worker/solution)
serviceWorker.ready: scope=http://localhost:8645/ state=activated script=http://localhost:8645/main.js
ライフサイクル (ページ側 statechange): installing:installing -> updatefound:installing -> installing:installed -> updatefound:installed -> installing:activating -> updatefound:activating -> installing:activated -> updatefound:activated
ライフサイクル (CDP ServiceWorker.workerVersionUpdated): activated -> new -> new -> new -> new -> installing -> installing -> installed -> activating -> activating -> activated
観測できた状態の集合: activated, new, installing, installed, activating
キャッシュ webbook-v1: ["/","/app.js","/index.html","/manifest.webmanifest","/offline.html","/style.css"]
オンライン時: Todo 1件 / status="installing"
SW制御下の再読込: Todo 1件 / status="offline ready" / controller=true
Network.emulateNetworkConditions(offline=true) を 3 ターゲット (page + service_worker) へ適用
オフライン再読込 (CDP emulation): title="Offline" h1="オフラインです"
検証用に HTTP サーバを停止して、真のネットワーク断でも fallback するか確認
オフライン再読込 (サーバ停止): title="Offline" h1="オフラインです"
キャッシュから /style.css を取得: true
offline フェーズの Network 失敗 (想定内): 0 件 -> 
--- チェック結果 ---
  PASS: Service Worker が install される (installing -> installed) (activated, new, installing, installed, activating)
  PASS: Service Worker が activate される (activating -> activated) (activated, new, installing, installed, activating)
  PASS: scope が / でルート配下を制御する (http://localhost:8645/)
  PASS: App Shell 6件がキャッシュされる (["/","/app.js","/index.html","/manifest.webmanifest","/offline.html","/style.css"])
  PASS: オンラインで Todo を追加できる
  PASS: 再読込後は Service Worker が制御し status が offline ready になる (controller=true status=offline ready)
  PASS: 再読込後も localStorage の Todo が残る (items=1)
  PASS: CDP offline エミュレーションで offline.html にフォールバック (オフラインです)
  PASS: サーバ停止時も offline.html にフォールバック (オフラインです)
  PASS: オフラインでもキャッシュ資産を取得できる
  PASS: Console 重大エラー0件
  PASS: Network 失敗0件
  PASS: CSP 違反0件
所要時間: 3.10 秒
判定: PASS

>>> 9.2 PASS (3.10s)

=== 課題24.5 Web Vitals 計測スクリプト(LCP/FID/CLS) ===
開始: 2026-08-29T16:41:46.820Z
localhost サーバ起動: http://localhost:8646 (root=code/ch24)
初期 (LCP のみ確定): {"LCP":72,"CLS":0,"INP":null}
プログラム起因シフト後: CLS=0.0115
操作後: {"LCP":72,"CLS":0.0115,"INP":40}
入力直後のシフト後: CLS=0.0115 (hadRecentInput により除外され据え置きなら期待どおり)
検証側 Observer: {"LCP":72,"CLS":0.0115,"INP":40,"FID":0}
画面表示:
{
  "LCP": 72,
  "CLS": 0.0115,
  "INP": 40
}
--- チェック結果 ---
  PASS: LCP を実測できた (72ms)
  PASS: CLS を実測できた (>0) (0.0115)
  PASS: INP(event duration) を実測できた (40ms)
  PASS: FID(first-input delay) を実測できた (0ms)
  PASS: 入力直後のシフトは hadRecentInput で CLS から除外される (0.0115 -> 0.0115)
  PASS: 計測値が画面に JSON で表示される
  PASS: Console 重大エラー0件
  PASS: Network 失敗0件
  PASS: CSP 違反0件
所要時間: 3.62 秒
判定: PASS

>>> 24.5 PASS (3.62s)


================ SUMMARY ================
PASS 1.4   port=8641 1.64s  自分のWebの「使用履歴」を可視化
PASS 4.1   port=8642 2.44s  レンダリングパイプラインを計測する
PASS 4.2   port=8643 2.98s  純粋なDOM APIでTodoアプリ
PASS 6.4   port=8644 0.88s  Web Components で型安全な Counter
PASS 9.2   port=8645 3.1s  Service Worker でオフライン対応
PASS 24.5  port=8646 3.62s  Web Vitals 計測スクリプト(LCP/FID/CLS)
PASS 6 / FAIL 0
=== done (exit=0) ===
cleanup at 2026-08-29T16:41:51Z
残存 chrome (ken66 プロファイル): 0
残存 python http.server (port 8647): 0
port 8641 listener: 0
port 8642 listener: 0
port 8643 listener: 0
port 8644 listener: 0
port 8645 listener: 0
port 8646 listener: 0
port 8647 listener: 0
