[WARN] Unsupported engine: wanted: {"node":">=24.18.0 <25"} (current: {"node":"v26.7.0","pnpm":"11.15.1"})
$ pnpm run apply:learning-levels:check && pnpm run generate:learning-paths:check && pnpm run apply:chapter-guides:check && pnpm run apply:code-usage:check && pnpm run apply:exercise-totals:check && pnpm run apply:editorial-fixes:check && pnpm run apply:exercise-rubrics:check && pnpm run generate:exercise-catalog:check && pnpm run generate:glossary:check && pnpm run generate:handbook:check && pnpm run apply:starter-contracts:check && pnpm run test:handbook && pnpm run validate:clean-environment && pnpm run test:clean-environment && pnpm run validate:exercises && pnpm run validate:narrative-flow && pnpm run validate:beta-review && pnpm run validate:links && pnpm run validate:handbook && pnpm run validate:release-policy && pnpm run validate:style && pnpm run report:style-backlog:check && pnpm run clean:artifacts:check
[WARN] Unsupported engine: wanted: {"node":">=24.18.0 <25"} (current: {"node":"v26.7.0","pnpm":"11.15.1"})
$ node scripts/apply-learning-levels.mjs --check
Learning metadata is current for 415 numbered sections.
[WARN] Unsupported engine: wanted: {"node":">=24.18.0 <25"} (current: {"node":"v26.7.0","pnpm":"11.15.1"})
$ node scripts/generate-learning-paths.mjs --check
Learning paths are current: 6 routes.
[WARN] Unsupported engine: wanted: {"node":">=24.18.0 <25"} (current: {"node":"v26.7.0","pnpm":"11.15.1"})
$ node scripts/apply-chapter-guides.mjs --check
Chapter guides are current for 30 chapters.
[WARN] Unsupported engine: wanted: {"node":">=24.18.0 <25"} (current: {"node":"v26.7.0","pnpm":"11.15.1"})
$ node scripts/apply-code-usage.mjs --check
Code usage blocks
- blocks: 27
- changed files: 0
[WARN] Unsupported engine: wanted: {"node":">=24.18.0 <25"} (current: {"node":"v26.7.0","pnpm":"11.15.1"})
$ node scripts/apply-exercise-totals.mjs --check
Exercise totals
- rewritten lead sentences: 0
- changed files: 0
[WARN] Unsupported engine: wanted: {"node":">=24.18.0 <25"} (current: {"node":"v26.7.0","pnpm":"11.15.1"})
$ node scripts/apply-editorial-fixes.mjs --check
Editorial fixes
- fixes in manifest: 492
- applied: 0
- already applied: 492
- not found: 0
- ambiguous: 0
- changed files: 0
[WARN] Unsupported engine: wanted: {"node":">=24.18.0 <25"} (current: {"node":"v26.7.0","pnpm":"11.15.1"})
$ node scripts/apply-exercise-rubrics.mjs --check
Exercise cards check passed: 147 card(s) in 7 file(s)
[WARN] Unsupported engine: wanted: {"node":">=24.18.0 <25"} (current: {"node":"v26.7.0","pnpm":"11.15.1"})
$ node scripts/generate-exercise-catalog.mjs --check
Exercise catalog check passed: 31 file(s)
[WARN] Unsupported engine: wanted: {"node":">=24.18.0 <25"} (current: {"node":"v26.7.0","pnpm":"11.15.1"})
$ node scripts/generate-glossary.mjs --check
Glossary check passed: 156 term(s)
[WARN] Unsupported engine: wanted: {"node":">=24.18.0 <25"} (current: {"node":"v26.7.0","pnpm":"11.15.1"})
$ node scripts/generate-handbook.mjs --check
Generated files are up to date.
[WARN] Unsupported engine: wanted: {"node":">=24.18.0 <25"} (current: {"node":"v26.7.0","pnpm":"11.15.1"})
$ node scripts/apply-starter-contracts.mjs --check
Starter contracts
- mandatory exercises: 37
- starters updated: 0
- exercises without a TypeScript contract: 14
[WARN] Unsupported engine: wanted: {"node":">=24.18.0 <25"} (current: {"node":"v26.7.0","pnpm":"11.15.1"})
$ pnpm run test:learning-levels && pnpm run test:learning-paths && pnpm run test:chapter-guides && pnpm run test:handbook-generator && pnpm run test:handbook-validator && pnpm run test:exercises && pnpm run test:exercise-rubrics && pnpm run test:narrative-flow && pnpm run test:beta-review && pnpm run test:release-policy && pnpm run test:style && pnpm run test:links && pnpm run test:code-usage && pnpm run test:exercise-totals && pnpm run test:clean-artifacts && pnpm run test:starter-contracts
[WARN] Unsupported engine: wanted: {"node":">=24.18.0 <25"} (current: {"node":"v26.7.0","pnpm":"11.15.1"})
$ node --test scripts/apply-learning-levels.test.mjs
✔ learning metadata is current (126.616917ms)
✔ all 415 numbered sections have generated metadata (8.876375ms)
✔ manifest covers every numbered section exactly once (0.946666ms)
✔ generated guide exposes a realistic first-reading route (1.519958ms)
ℹ tests 4
ℹ suites 0
ℹ pass 4
ℹ fail 0
ℹ cancelled 0
ℹ skipped 0
ℹ todo 0
ℹ duration_ms 245.681917
[WARN] Unsupported engine: wanted: {"node":">=24.18.0 <25"} (current: {"node":"v26.7.0","pnpm":"11.15.1"})
$ node --test scripts/generate-learning-paths.test.mjs
✔ generated learning paths are current (105.527041ms)
✔ six routes and the standard 24-hour route are exposed (7.569542ms)
✔ front matter and generated TOC link to every route (1.466834ms)
✔ unknown section references fail generation (200.602292ms)
✔ check mode detects generated document drift (186.476708ms)
ℹ tests 5
ℹ suites 0
ℹ pass 5
ℹ fail 0
ℹ cancelled 0
ℹ skipped 0
ℹ todo 0
ℹ duration_ms 620.875958
[WARN] Unsupported engine: wanted: {"node":">=24.18.0 <25"} (current: {"node":"v26.7.0","pnpm":"11.15.1"})
$ node --test scripts/apply-chapter-guides.test.mjs
✔ chapter guides are current (114.123625ms)
✔ all 30 chapters have exactly one generated guide (7.844042ms)
✔ every chapter guide contains the 11 required elements (7.468083ms)
✔ manifest covers all chapters and key educational warnings (0.822417ms)
✔ template document explains non-repetitive application (0.430916ms)
ℹ tests 5
ℹ suites 0
ℹ pass 5
ℹ fail 0
ℹ cancelled 0
ℹ skipped 0
ℹ todo 0
ℹ duration_ms 222.135375
[WARN] Unsupported engine: wanted: {"node":">=24.18.0 <25"} (current: {"node":"v26.7.0","pnpm":"11.15.1"})
$ node --test scripts/generate-handbook.test.mjs
✔ generated files are current (250.299334ms)
✔ TOC contains explicit links, levels, and time estimates (0.829166ms)
✔ body contains explicit stable anchors and learning metadata (0.865167ms)
✔ index is generated from body metadata (0.378ms)
ℹ tests 4
ℹ suites 0
ℹ pass 4
ℹ fail 0
ℹ cancelled 0
ℹ skipped 0
ℹ todo 0
ℹ duration_ms 345.100542
[WARN] Unsupported engine: wanted: {"node":">=24.18.0 <25"} (current: {"node":"v26.7.0","pnpm":"11.15.1"})
$ node --test scripts/validate-handbook.test.mjs
✔ 30章と415節を検出する (4.866208ms)
✔ 全節の学習レベルメタデータを検出する (0.552917ms)
✔ 目次と本文の既知タイトル不一致がない (0.205ms)
✔ コードブロックをMarkdownリンクとして誤検出しない (0.146709ms)
✔ 本文のコード参照先がすべて配置されている (0.186875ms)
✔ 全30章の共通教材ガイドを検出する (0.266125ms)
ℹ tests 6
ℹ suites 0
ℹ pass 6
ℹ fail 0
ℹ cancelled 0
ℹ skipped 0
ℹ todo 0
ℹ duration_ms 777.530458
[WARN] Unsupported engine: wanted: {"node":">=24.18.0 <25"} (current: {"node":"v26.7.0","pnpm":"11.15.1"})
$ node --test scripts/validate-exercises.test.mjs
✔ all chapters have normalized starter, solution, and README artifacts (106.91475ms)
✔ a single chapter can be validated (79.13975ms)
✔ every 課題 heading in the manuscript has exactly one exercise card (103.839375ms)
✔ observation exercises are registered with the same rubric fields (112.255541ms)
✔ placeholder solution artifacts are rejected (1150.523958ms)
✔ missing starter is rejected (818.83075ms)
✔ README format drift is rejected (785.211375ms)
✔ generated distribution artifacts are rejected (820.417042ms)
✔ installed node_modules are tolerated in a working copy (772.955ms)
✔ node_modules are rejected in distribution audit mode (803.930167ms)
✔ a missing rubric field is rejected (772.379459ms)
✔ too few completion criteria are rejected (802.660708ms)
✔ hints must have exactly three stages (751.584042ms)
✔ boilerplate rubric text is rejected (792.374084ms)
✔ verification without an executable command is rejected (798.130708ms)
✔ a production warning is required (774.838459ms)
✔ the estimate breakdown is required (770.057042ms)
✔ difficulty must match the star count in the title (934.168167ms)
✔ an off-grid estimate is rejected (740.57775ms)
✔ a starter without its paired solution is rejected (782.3645ms)
✔ a manuscript exercise card removal is detected (750.042667ms)
✔ an exercise title drift between manuscript and manifest is rejected (892.200541ms)
✔ an outdated schema version is rejected (761.460125ms)
ℹ tests 23
ℹ suites 0
ℹ pass 23
ℹ fail 0
ℹ cancelled 0
ℹ skipped 0
ℹ todo 0
ℹ duration_ms 15983.387209
[WARN] Unsupported engine: wanted: {"node":">=24.18.0 <25"} (current: {"node":"v26.7.0","pnpm":"11.15.1"})
$ node --test scripts/apply-exercise-rubrics.test.mjs
✔ exercise cards in the manuscript are current (89.364458ms)
✔ every card renders the required rubric labels (10.233166ms)
✔ applying the cards twice is idempotent (459.640666ms)
✔ a hand-edited card is detected and restored (310.398458ms)
✔ an unregistered 課題 heading is rejected (206.073458ms)
ℹ tests 5
ℹ suites 0
ℹ pass 5
ℹ fail 0
ℹ cancelled 0
ℹ skipped 0
ℹ todo 0
ℹ duration_ms 1167.685333
[WARN] Unsupported engine: wanted: {"node":">=24.18.0 <25"} (current: {"node":"v26.7.0","pnpm":"11.15.1"})
$ node --test scripts/validate-narrative-flow.test.mjs
✔ current narrative manifest is valid (89.092625ms)
✔ completed chapter without bridges is rejected (2129.946667ms)
✔ manifest must cover all 30 chapters (1006.914ms)
ℹ tests 3
ℹ suites 0
ℹ pass 3
ℹ fail 0
ℹ cancelled 0
ℹ skipped 0
ℹ todo 0
ℹ duration_ms 3310.426625
[WARN] Unsupported engine: wanted: {"node":">=24.18.0 <25"} (current: {"node":"v26.7.0","pnpm":"11.15.1"})
$ node --test scripts/validate-beta-review.test.mjs
✔ current beta review scope is valid (99.513291ms)
✔ scope must cover every chapter in the narrative manifest (441.288625ms)
✔ a chapter with environment dependent exercises cannot be downgraded (458.926667ms)
✔ dropping an environment dependent exercise is rejected (443.615792ms)
✔ required section coverage must match the learning level manifest (463.940416ms)
✔ a chapter whose required sections are trimmed is rejected (495.615833ms)
✔ every mandatory exercise must be assigned to exactly one track (487.345ms)
✔ effort estimates must follow the declared formula (586.826417ms)
✔ a persona pointing at an unknown learning route is rejected (613.403416ms)
✔ an Urgent severity must block the release (521.627167ms)
✔ release blockers must be documented in the plan (554.423375ms)
✔ release blockers cannot be emptied (523.337292ms)
✔ questionnaire question counts must match the template document (574.9515ms)
✔ collecting a name is rejected by the privacy policy check (549.922083ms)
✔ storing the anonymous id mapping in the repository is rejected (517.693084ms)
✔ a mandatory exercise missing from the scenario document is detected (530.898917ms)
✔ a missing planning document is detected (467.697166ms)
ℹ tests 17
ℹ suites 0
ℹ pass 17
ℹ fail 0
ℹ cancelled 0
ℹ skipped 0
ℹ todo 0
ℹ duration_ms 8426.747041
[WARN] Unsupported engine: wanted: {"node":">=24.18.0 <25"} (current: {"node":"v26.7.0","pnpm":"11.15.1"})
$ node --test scripts/validate-release-policy.test.mjs
✔ リポジトリ全体で公開方針の検証が成功する (126.344625ms)
✔ 最小構成のfixtureでも検証が成功する (193.523958ms)
✔ CHANGELOGの最新版が正本とずれると検出する (185.074875ms)
✔ CHANGELOGの日付が releaseDate とずれると検出する (176.100916ms)
✔ package.jsonの版番号がずれると検出する (144.020833ms)
✔ ライセンス判定規則に一致しないファイルを検出する (128.048541ms)
✔ LICENSING.mdの対応表が正本とずれると検出する (159.942416ms)
✔ ライセンス全文からSPDX識別子が消えると検出する (142.14825ms)
✔ 見直し周期が割り当てられていない章を検出する (141.743ms)
✔ RELEASE_POLICY.mdの周期表と正本の不一致を検出する (134.310333ms)
✔ READMEから利用条件の記載が欠けると検出する (141.276ms)
✔ 前付けから公開・利用条件の見出しが消えると検出する (140.4435ms)
✔ 正誤表の列が正本とずれると検出する (140.934875ms)
✔ 未公開の版を参照する正誤行を検出する (140.609417ms)
✔ Pages workflowのactionが固定SHAでないと検出する (134.266333ms)
✔ Pages workflowの権限が広がると検出する (134.343709ms)
✔ 正誤報告テンプレートから必須項目が消えると検出する (139.689333ms)
✔ 全章に見直し周期と判断理由がある (0.371042ms)
✔ 見直し周期の区分は月数の昇順に定義されている (0.8365ms)
✔ SemVerの規則が本文とコードの両方について定義されている (0.117709ms)
✔ 公開形式はGitHubリポジトリと静的サイトの2形式で、PDFとEPUBは理由付きで対象外である (0.099459ms)
✔ 静的サイト生成は決定的である (662.715417ms)
✔ 生成したHTMLはライセンス表示と版番号を含む (438.574625ms)
✔ 生成したHTMLは本文の章アンカーを保持する (408.831875ms)
✔ 固定成果物の一覧と再現手順が定義されている (0.313542ms)
ℹ tests 25
ℹ suites 0
ℹ pass 25
ℹ fail 0
ℹ cancelled 0
ℹ skipped 0
ℹ todo 0
ℹ duration_ms 4114.928791
[WARN] Unsupported engine: wanted: {"node":">=24.18.0 <25"} (current: {"node":"v26.7.0","pnpm":"11.15.1"})
$ node --test scripts/validate-style.test.mjs
Style validation
- manuscript files: 8
- glossary terms: 156
- glossary variants: 128
- index terms: 640
- rules: 21
- errors: 0
- warnings: 0
GLOSSARY.md が config/glossary.json と一致しません。pnpm run generate:glossary を実行してください。
✔ 規約に従う本文はエラーを出さない (110.517125ms)
✔ S-JA-001 全角カンマ・ピリオドを検出する (112.8175ms)
✔ S-JA-004 全角括弧を検出する (105.332334ms)
✔ S-JA-006 和文と半角括弧の間の空白欠落を検出する (129.679875ms)
✔ S-JA-007 敬体の文末を検出する (115.321875ms)
✔ S-JA-007 かぎ括弧内のUI文言は敬体でも許容する (101.192584ms)
✔ S-SYM-001 EM DASH を検出する (105.741417ms)
✔ S-CODE-001 言語指定のないコードブロックを検出する (105.99625ms)
✔ S-CODE-002 許可されていない言語指定を検出する (128.90575ms)
✔ S-CODE-003 区切り行のない表を検出する (136.207792ms)
✔ S-CODE-004 画像記法を検出する (107.409041ms)
✔ S-CODE-005 非正規の注意ラベルを検出する (122.049042ms)
✔ S-TERM-001 用語集の非正規表記を検出する (102.484584ms)
✔ S-TERM-001 用語集の例外文字列は検出しない (105.385416ms)
✔ S-TERM-001 インラインコードの中は検出しない (102.815ms)
✔ S-TERM-002 非推奨表記はベースラインを超えたときだけ失敗する (199.143417ms)
✔ S-VAGUE-001 根拠のない曖昧表現を検出し、時点を添えると通る (198.618125ms)
✔ S-IDX-001 索引語の非正規表記を検出する (113.440083ms)
✔ S-IDX-002 索引にない必須用語を検出する (116.1395ms)
✔ S-META-001 未記載のルールIDを検出する (102.8875ms)
✔ variantPattern は正表記の前方一致を除外する (0.161ms)
✔ maskProtected はインラインコードとリンク先を伏せる (0.137125ms)
✔ apply-style-fixes は規約違反を修正し、二度目は変化しない (1.956917ms)
✔ apply-style-fixes は言語指定のないコードブロックへ text を付ける (0.119958ms)
✔ apply-style-fixes はコードブロックの中身を書き換えない (0.123291ms)
✔ apply-style-fixes はパス文字列を書き換えない (0.2265ms)
✔ apply-style-fixes は注意ラベルを整形する (0.054542ms)
✔ generate-glossary は正本と一致する GLOSSARY.md を作る (12.745042ms)
✔ generate-glossary --check は差分を検出する (86.744417ms)
✔ 用語集の別表記は正表記と重複しない (0.387958ms)
✔ ルール定義は STYLE_GUIDE.md と1対1で対応する (1.037166ms)
✔ ベースラインは baseline 分類のルールにだけ存在する (0.112292ms)
✔ fixer と validator の変異形パターンが一致する (0.556792ms)
ℹ tests 33
ℹ suites 0
ℹ pass 33
ℹ fail 0
ℹ cancelled 0
ℹ skipped 0
ℹ todo 0
ℹ duration_ms 4152.400417
[WARN] Unsupported engine: wanted: {"node":">=24.18.0 <25"} (current: {"node":"v26.7.0","pnpm":"11.15.1"})
$ node --test scripts/validate-links.test.mjs
Link validation
- documents: 31
- markdown links: 2282
- internal file links: 1957
- anchor links: 2154 (section anchors: 2112)
- chapter references: 220
- section references: 763
- code path references: 644
- code usage commands: 190
- external urls: 107 (occurrences: 110)
- errors: 0
- warnings: 0
✔ githubSlug は GitHub と同じ規則でアンカー候補を作る (0.771542ms)
✔ splitFences はフェンス内の行へ inFence を立てる (0.149584ms)
✔ splitFences は入れ子に見えるチルダフェンスも閉じる (0.105125ms)
ℹ tests 3
ℹ suites 0
ℹ pass 3
ℹ fail 0
ℹ cancelled 0
ℹ skipped 0
ℹ todo 0
ℹ duration_ms 285.711333
[WARN] Unsupported engine: wanted: {"node":">=24.18.0 <25"} (current: {"node":"v26.7.0","pnpm":"11.15.1"})
$ node --test scripts/apply-code-usage.test.mjs
✔ priority はブラウザ課題の HTML を最優先にする (1.002667ms)
✔ commandFor は拡張子ごとに実行コマンドを選ぶ (0.176875ms)
✔ buildBlock は章ごとに一意な見出しと pnpm 手順を出す (0.48275ms)
✔ findBlock はマーカーが無い旧ブロックも見出しからフェンス終端まで拾う (0.898208ms)
✔ findBlock はマーカー付きブロックをマーカーごと置き換え対象にする (0.145125ms)
ℹ tests 5
ℹ suites 0
ℹ pass 5
ℹ fail 0
ℹ cancelled 0
ℹ skipped 0
ℹ todo 0
ℹ duration_ms 106.64275
[WARN] Unsupported engine: wanted: {"node":">=24.18.0 <25"} (current: {"node":"v26.7.0","pnpm":"11.15.1"})
$ node --test scripts/apply-exercise-totals.test.mjs
✔ formatMinutes は時間と分へ分ける (0.936167ms)
✔ totalsByChapter は章キーが 0 埋めでも実装課題と観察課題を合算する (0.235708ms)
ℹ tests 2
ℹ suites 0
ℹ pass 2
ℹ fail 0
ℹ cancelled 0
ℹ skipped 0
ℹ todo 0
ℹ duration_ms 94.614625
[WARN] Unsupported engine: wanted: {"node":">=24.18.0 <25"} (current: {"node":"v26.7.0","pnpm":"11.15.1"})
$ node --test scripts/clean-build-artifacts.test.mjs
✔ finds dist and coverage under chapter directories only (8.104417ms)
✔ returns nothing when the code directory is absent (0.611417ms)
✔ is idempotent: a cleaned tree reports no artifacts (3.257917ms)
ℹ tests 3
ℹ suites 0
ℹ pass 3
ℹ fail 0
ℹ cancelled 0
ℹ skipped 0
ℹ todo 0
ℹ duration_ms 110.739791
[WARN] Unsupported engine: wanted: {"node":">=24.18.0 <25"} (current: {"node":"v26.7.0","pnpm":"11.15.1"})
$ node --test scripts/apply-starter-contracts.test.mjs
✔ exported functions, types, and classes become the contract (2.113375ms)
✔ calls inside a method body are not mistaken for declarations (0.210458ms)
✔ private and protected members stay out of the contract (0.169958ms)
✔ applying the block twice produces the same file (0.241084ms)
✔ regenerating replaces the previous block instead of stacking (0.104958ms)
ℹ tests 5
ℹ suites 0
ℹ pass 5
ℹ fail 0
ℹ cancelled 0
ℹ skipped 0
ℹ todo 0
ℹ duration_ms 103.40225
[WARN] Unsupported engine: wanted: {"node":">=24.18.0 <25"} (current: {"node":"v26.7.0","pnpm":"11.15.1"})
$ node scripts/validate-clean-environment.mjs
Clean environment exercises: 143
local-automated: 113
local-tls: 7
external-service: 17
browser-manual: 6
Mode: structure
Clean environment validation passed.
[WARN] Unsupported engine: wanted: {"node":">=24.18.0 <25"} (current: {"node":"v26.7.0","pnpm":"11.15.1"})
$ node --test scripts/validate-clean-environment.test.mjs
✔ clean environment plan is structurally valid (69.943041ms)
✔ all 143 exercises have evidence and safety records (1.152958ms)
✔ manual and external exercises cannot silently pass as local automated (0.717042ms)
ℹ tests 3
ℹ suites 0
ℹ pass 3
ℹ fail 0
ℹ cancelled 0
ℹ skipped 0
ℹ todo 0
ℹ duration_ms 153.869292
[WARN] Unsupported engine: wanted: {"node":">=24.18.0 <25"} (current: {"node":"v26.7.0","pnpm":"11.15.1"})
$ node scripts/validate-exercises.mjs
Exercise chapters: 30
Exercise units: 143
Observation units: 4
Starter artifacts: 151
Solution artifacts: 179
Manuscript references: 156
Exercise cards: 147 / headings: 147
Exercise validation passed
[WARN] Unsupported engine: wanted: {"node":">=24.18.0 <25"} (current: {"node":"v26.7.0","pnpm":"11.15.1"})
$ node scripts/validate-narrative-flow.mjs
Narrative flow: chapters=30, completed=30
[WARN] Unsupported engine: wanted: {"node":">=24.18.0 <25"} (current: {"node":"v26.7.0","pnpm":"11.15.1"})
$ node scripts/validate-beta-review.mjs
Beta review scope: chapters=30 (core=15, exercise-only=5, sampled=10), exercises=37 (4630分), personas=6, roles=3, questions=45, severities=4, releaseBlockers=11, requiredSections=199
[WARN] Unsupported engine: wanted: {"node":">=24.18.0 <25"} (current: {"node":"v26.7.0","pnpm":"11.15.1"})
$ node scripts/validate-links.mjs
Link validation
- documents: 31
- markdown links: 2282
- internal file links: 1957
- anchor links: 2154 (section anchors: 2112)
- chapter references: 220
- section references: 763
- code path references: 644
- code usage commands: 190
- external urls: 107 (occurrences: 110)
- errors: 0
- warnings: 0
[WARN] Unsupported engine: wanted: {"node":">=24.18.0 <25"} (current: {"node":"v26.7.0","pnpm":"11.15.1"})
$ node scripts/validate-handbook.mjs
Handbook validation
- chapters: 30
- numbered sections/subsections: 415
- learning metadata: 415
- chapter guides: 30
- errors: 0
- warnings: 0
[WARN] Unsupported engine: wanted: {"node":">=24.18.0 <25"} (current: {"node":"v26.7.0","pnpm":"11.15.1"})
$ node scripts/validate-release-policy.mjs
Release policy validation
- version: 1.0.0 (2026-08-30, pending)
- distribution formats: git-repository, static-site
- site pages: 27 (+2 copies)
- licensed files: code=824, text=56, notice=2
- review cycles: 30/30 chapters
- changelog releases: 1
- errata entries: 0
- errors: 0
- warnings: 0
Release policy validation passed: 0 warning(s)
[WARN] Unsupported engine: wanted: {"node":">=24.18.0 <25"} (current: {"node":"v26.7.0","pnpm":"11.15.1"})
$ node scripts/validate-style.mjs
Style validation
- manuscript files: 8
- glossary terms: 156
- glossary variants: 128
- index terms: 640
- rules: 21
- errors: 0
- warnings: 0
[WARN] Unsupported engine: wanted: {"node":">=24.18.0 <25"} (current: {"node":"v26.7.0","pnpm":"11.15.1"})
$ node scripts/validate-style.mjs --backlog --check
STYLE_BACKLOG.md は最新である。
Style validation
- manuscript files: 8
- glossary terms: 156
- glossary variants: 128
- index terms: 640
- rules: 21
- errors: 0
- warnings: 0
[WARN] Unsupported engine: wanted: {"node":">=24.18.0 <25"} (current: {"node":"v26.7.0","pnpm":"11.15.1"})
$ node scripts/clean-build-artifacts.mjs --check
Build artifacts: 0
EXIT=0
