DROP TABLE
DROP TABLE
CREATE TABLE
CREATE TABLE
INSERT 0 100
INSERT 0 1000
CREATE INDEX
ANALYZE
ANALYZE
=== N+1側: 1著者分のクエリ (アプリが100回発行する形) ===
Bitmap Heap Scan on posts  (cost=4.35..11.81 rows=10 width=16) (actual time=0.053..0.057 rows=10.00 loops=1)
  Recheck Cond: (author_id = 42)
  Heap Blocks: exact=6
  Buffers: shared hit=6 read=2
  ->  Bitmap Index Scan on idx_posts_author  (cost=0.00..4.35 rows=10 width=0) (actual time=0.048..0.048 rows=10.00 loops=1)
        Index Cond: (author_id = 42)
        Index Searches: 1
        Buffers: shared read=2
Planning:
  Buffers: shared hit=18 read=1
Planning Time: 0.115 ms
Execution Time: 0.071 ms
=== JOIN側: 1クエリで全件 ===
Hash Join  (cost=3.25..22.99 rows=1000 width=17) (actual time=0.027..0.130 rows=1000.00 loops=1)
  Hash Cond: (p.author_id = a.id)
  Buffers: shared hit=8
  ->  Seq Scan on posts p  (cost=0.00..17.00 rows=1000 width=12) (actual time=0.004..0.034 rows=1000.00 loops=1)
        Buffers: shared hit=7
  ->  Hash  (cost=2.00..2.00 rows=100 width=13) (actual time=0.019..0.019 rows=100.00 loops=1)
        Buckets: 1024  Batches: 1  Memory Usage: 13kB
        Buffers: shared hit=1
        ->  Seq Scan on authors a  (cost=0.00..2.00 rows=100 width=13) (actual time=0.005..0.008 rows=100.00 loops=1)
              Buffers: shared hit=1
Planning:
  Buffers: shared hit=73
Planning Time: 0.279 ms
Execution Time: 0.166 ms
=== 実測: 100回ループ vs 1 JOIN ===
NOTICE:  n_plus_one_100_queries_ms=2
NOTICE:  single_join_ms=0
DO
