=== KEN-63 タグ v1.0.0 に対するクリーンクローン再確認 ===
date: 2026-08-30T13:13:25Z
source: https://github.com/kenten10/web-application-development-handbook.git (private)

=== 1. git clone --branch v1.0.0 ===
warning: refs/tags/v1.0.0 a82d65397bab525df2b9181e9d7d18a9aef88924 is not a commit!
Note: switching to '8703a97767e74ee5291eae6bae99b0a0fe52ae9f'.

You are in 'detached HEAD' state. You can look around, make experimental
changes and commit them, and you can discard any commits you make in this
state without impacting any branches by switching back to a branch.

If you want to create a new branch to retain commits you create, you may
do so (now or later) by using -c with the switch command. Example:

  git switch -c <new-branch-name>

Or undo this operation with:

  git switch -

Turn off this advice by setting config variable advice.detachedHead to false

clone ok
HEAD: 8703a97767e74ee5291eae6bae99b0a0fe52ae9f
describe: v1.0.0
worktree diff: 0 件

=== 2. toolchain ===
node: v24.18.0
Preparing pnpm@11.15.1 for immediate activation...
pnpm: 11.15.1

=== 3. pnpm install --frozen-lockfile ===
Scope: all 31 workspace projects
✓ Lockfile passes supply-chain policies (verified 6h ago)
Lockfile is up to date, resolution step is skipped
Progress: resolved 1, reused 0, downloaded 0, added 0
Packages: +8
++++++++
Progress: resolved 8, reused 8, downloaded 0, added 0
Progress: resolved 8, reused 8, downloaded 0, added 8, done

devDependencies:
+ @types/node 24.12.1
+ typescript 6.0.3

Done in 3.1s using pnpm v11.15.1
INSTALL_EXIT=0

=== 4. pnpm run check:handbook ===
$ pnpm run apply:learning-levels:check && pnpm run generate:learning-paths:check && pnpm run apply:chapter-guides:check && pnpm run apply:code-usage:check && pnpm run apply:exercise-totals:check && pnpm run apply:editorial-fixes:check && pnpm run apply:exercise-rubrics:check && pnpm run generate:exercise-catalog:check && pnpm run generate:glossary:check && pnpm run generate:handbook:check && pnpm run apply:starter-contracts:check && pnpm run test:handbook && pnpm run validate:clean-environment && pnpm run test:clean-environment && pnpm run validate:exercises && pnpm run validate:narrative-flow && pnpm run validate:beta-review && pnpm run validate:links && pnpm run validate:handbook && pnpm run validate:release-policy && pnpm run validate:style && pnpm run report:style-backlog:check && pnpm run clean:artifacts:check
$ node scripts/apply-learning-levels.mjs --check
Learning metadata is current for 415 numbered sections.
$ node scripts/generate-learning-paths.mjs --check
Learning paths are current: 6 routes.
$ node scripts/apply-chapter-guides.mjs --check
Chapter guides are current for 30 chapters.
$ node scripts/apply-code-usage.mjs --check
Code usage blocks
- blocks: 27
- changed files: 0
$ node scripts/apply-exercise-totals.mjs --check
Exercise totals
- rewritten lead sentences: 0
- changed files: 0
$ node scripts/apply-editorial-fixes.mjs --check
Editorial fixes
- fixes in manifest: 492
- applied: 0
- already applied: 492
- not found: 0
- ambiguous: 0
- changed files: 0
$ node scripts/apply-exercise-rubrics.mjs --check
Exercise cards check passed: 147 card(s) in 7 file(s)
$ node scripts/generate-exercise-catalog.mjs --check
Exercise catalog check passed: 31 file(s)
$ node scripts/generate-glossary.mjs --check
Glossary check passed: 156 term(s)
$ node scripts/generate-handbook.mjs --check
Generated files are up to date.
$ node scripts/apply-starter-contracts.mjs --check
Starter contracts
- mandatory exercises: 37
- starters updated: 0
- exercises without a TypeScript contract: 14
$ pnpm run test:learning-levels && pnpm run test:learning-paths && pnpm run test:chapter-guides && pnpm run test:handbook-generator && pnpm run test:handbook-validator && pnpm run test:exercises && pnpm run test:exercise-rubrics && pnpm run test:narrative-flow && pnpm run test:beta-review && pnpm run test:release-policy && pnpm run test:style && pnpm run test:links && pnpm run test:code-usage && pnpm run test:exercise-totals && pnpm run test:clean-artifacts && pnpm run test:starter-contracts
$ node --test scripts/apply-learning-levels.test.mjs
✔ learning metadata is current (194.774333ms)
✔ all 415 numbered sections have generated metadata (33.459917ms)
✔ manifest covers every numbered section exactly once (0.898833ms)
✔ generated guide exposes a realistic first-reading route (1.659375ms)
ℹ tests 4
ℹ suites 0
ℹ pass 4
ℹ fail 0
ℹ cancelled 0
ℹ skipped 0
ℹ todo 0
ℹ duration_ms 393.914333
$ node --test scripts/generate-learning-paths.test.mjs
✔ generated learning paths are current (111.849ms)
✔ six routes and the standard 24-hour route are exposed (2.557083ms)
✔ front matter and generated TOC link to every route (1.306042ms)
✔ unknown section references fail generation (289.466875ms)
✔ check mode detects generated document drift (210.659792ms)
ℹ tests 5
ℹ suites 0
ℹ pass 5
ℹ fail 0
ℹ cancelled 0
ℹ skipped 0
ℹ todo 0
ℹ duration_ms 710.293625
$ node --test scripts/apply-chapter-guides.test.mjs
✔ chapter guides are current (159.596417ms)
✔ all 30 chapters have exactly one generated guide (17.597625ms)
✔ every chapter guide contains the 11 required elements (19.927292ms)
✔ manifest covers all chapters and key educational warnings (1.36475ms)
✔ template document explains non-repetitive application (0.282958ms)
ℹ tests 5
ℹ suites 0
ℹ pass 5
ℹ fail 0
ℹ cancelled 0
ℹ skipped 0
ℹ todo 0
ℹ duration_ms 301.098709
$ node --test scripts/generate-handbook.test.mjs
✔ generated files are current (434.74725ms)
✔ TOC contains explicit links, levels, and time estimates (0.890541ms)
✔ body contains explicit stable anchors and learning metadata (1.442792ms)
✔ index is generated from body metadata (0.545292ms)
ℹ tests 4
ℹ suites 0
ℹ pass 4
ℹ fail 0
ℹ cancelled 0
ℹ skipped 0
ℹ todo 0
ℹ duration_ms 520.865542
$ node --test scripts/validate-handbook.test.mjs
✔ 30章と415節を検出する (0.836167ms)
✔ 全節の学習レベルメタデータを検出する (1.172084ms)
✔ 目次と本文の既知タイトル不一致がない (0.158125ms)
✔ コードブロックをMarkdownリンクとして誤検出しない (0.09625ms)
✔ 本文のコード参照先がすべて配置されている (0.129375ms)
✔ 全30章の共通教材ガイドを検出する (0.152125ms)
ℹ tests 6
ℹ suites 0
ℹ pass 6
ℹ fail 0
ℹ cancelled 0
ℹ skipped 0
ℹ todo 0
ℹ duration_ms 959.051667
$ node --test scripts/validate-exercises.test.mjs
✔ all chapters have normalized starter, solution, and README artifacts (151.231792ms)
✔ a single chapter can be validated (71.497542ms)
✔ every 課題 heading in the manuscript has exactly one exercise card (105.84025ms)
✔ observation exercises are registered with the same rubric fields (135.412458ms)
✔ placeholder solution artifacts are rejected (4698.251959ms)
✔ missing starter is rejected (1801.684875ms)
✔ README format drift is rejected (1593.843958ms)
✔ generated distribution artifacts are rejected (2116.892875ms)
✔ installed node_modules are tolerated in a working copy (1038.42675ms)
✔ node_modules are rejected in distribution audit mode (832.951375ms)
✔ a missing rubric field is rejected (1792.201917ms)
✔ too few completion criteria are rejected (1265.107875ms)
✔ hints must have exactly three stages (720.842042ms)
✔ boilerplate rubric text is rejected (712.598625ms)
✔ verification without an executable command is rejected (748.16475ms)
✔ a production warning is required (775.63625ms)
✔ the estimate breakdown is required (936.081ms)
✔ difficulty must match the star count in the title (759.657458ms)
✔ an off-grid estimate is rejected (744.852125ms)
✔ a starter without its paired solution is rejected (727.245667ms)
✔ a manuscript exercise card removal is detected (739.07875ms)
✔ an exercise title drift between manuscript and manifest is rejected (765.185292ms)
✔ an outdated schema version is rejected (948.42325ms)
ℹ tests 23
ℹ suites 0
ℹ pass 23
ℹ fail 0
ℹ cancelled 0
ℹ skipped 0
ℹ todo 0
ℹ duration_ms 24288.541625
$ node --test scripts/apply-exercise-rubrics.test.mjs
✔ exercise cards in the manuscript are current (92.276291ms)
✔ every card renders the required rubric labels (17.44525ms)
✔ applying the cards twice is idempotent (417.127959ms)
✔ a hand-edited card is detected and restored (314.213084ms)
✔ an unregistered 課題 heading is rejected (211.843375ms)
ℹ tests 5
ℹ suites 0
ℹ pass 5
ℹ fail 0
ℹ cancelled 0
ℹ skipped 0
ℹ todo 0
ℹ duration_ms 1123.263041
$ node --test scripts/validate-narrative-flow.test.mjs
✔ current narrative manifest is valid (101.076625ms)
✔ completed chapter without bridges is rejected (713.161083ms)
✔ manifest must cover all 30 chapters (559.46975ms)
ℹ tests 3
ℹ suites 0
ℹ pass 3
ℹ fail 0
ℹ cancelled 0
ℹ skipped 0
ℹ todo 0
ℹ duration_ms 1440.752584
$ node --test scripts/validate-beta-review.test.mjs
✔ current beta review scope is valid (86.700458ms)
✔ scope must cover every chapter in the narrative manifest (635.027167ms)
✔ a chapter with environment dependent exercises cannot be downgraded (543.921291ms)
✔ dropping an environment dependent exercise is rejected (455.52025ms)
✔ required section coverage must match the learning level manifest (484.002417ms)
✔ a chapter whose required sections are trimmed is rejected (474.765958ms)
✔ every mandatory exercise must be assigned to exactly one track (450.446333ms)
✔ effort estimates must follow the declared formula (481.596583ms)
✔ a persona pointing at an unknown learning route is rejected (445.770833ms)
✔ an Urgent severity must block the release (398.509708ms)
✔ release blockers must be documented in the plan (431.376333ms)
✔ release blockers cannot be emptied (428.220583ms)
✔ questionnaire question counts must match the template document (1508.407833ms)
✔ collecting a name is rejected by the privacy policy check (483.664917ms)
✔ storing the anonymous id mapping in the repository is rejected (451.922708ms)
✔ a mandatory exercise missing from the scenario document is detected (465.540666ms)
✔ a missing planning document is detected (424.349666ms)
ℹ tests 17
ℹ suites 0
ℹ pass 17
ℹ fail 0
ℹ cancelled 0
ℹ skipped 0
ℹ todo 0
ℹ duration_ms 8742.1915
$ node --test scripts/validate-release-policy.test.mjs
✔ リポジトリ全体で公開方針の検証が成功する (99.106666ms)
✔ 最小構成のfixtureでも検証が成功する (118.30425ms)
✔ CHANGELOGの最新版が正本とずれると検出する (119.987ms)
✔ CHANGELOGの日付が releaseDate とずれると検出する (113.598042ms)
✔ package.jsonの版番号がずれると検出する (117.288167ms)
✔ ライセンス判定規則に一致しないファイルを検出する (114.216125ms)
✔ LICENSING.mdの対応表が正本とずれると検出する (112.473375ms)
✔ ライセンス全文からSPDX識別子が消えると検出する (117.760166ms)
✔ 見直し周期が割り当てられていない章を検出する (143.023291ms)
✔ RELEASE_POLICY.mdの周期表と正本の不一致を検出する (115.770625ms)
✔ READMEから利用条件の記載が欠けると検出する (112.669583ms)
✔ 前付けから公開・利用条件の見出しが消えると検出する (115.980542ms)
✔ 正誤表の列が正本とずれると検出する (121.5595ms)
✔ 未公開の版を参照する正誤行を検出する (120.087833ms)
✔ Pages workflowのactionが固定SHAでないと検出する (109.405666ms)
✔ Pages workflowの権限が広がると検出する (117.253916ms)
✔ 正誤報告テンプレートから必須項目が消えると検出する (117.225ms)
✔ 全章に見直し周期と判断理由がある (0.33325ms)
✔ 見直し周期の区分は月数の昇順に定義されている (0.6985ms)
✔ SemVerの規則が本文とコードの両方について定義されている (0.093166ms)
✔ 公開形式はGitHubリポジトリと静的サイトの2形式で、PDFとEPUBは理由付きで対象外である (0.097125ms)
✔ 静的サイト生成は決定的である (2612.875625ms)
✔ 生成したHTMLはライセンス表示と版番号を含む (407.405375ms)
✔ 生成したHTMLは本文の章アンカーを保持する (406.360416ms)
✔ 固定成果物の一覧と再現手順が定義されている (0.280458ms)
ℹ tests 25
ℹ suites 0
ℹ pass 25
ℹ fail 0
ℹ cancelled 0
ℹ skipped 0
ℹ todo 0
ℹ duration_ms 5493.829292
$ node --test scripts/validate-style.test.mjs
Style validation
- manuscript files: 8
- glossary terms: 156
- glossary variants: 128
- index terms: 640
- rules: 21
- errors: 0
- warnings: 0
GLOSSARY.md が config/glossary.json と一致しません。pnpm run generate:glossary を実行してください。
✔ 規約に従う本文はエラーを出さない (95.576083ms)
✔ S-JA-001 全角カンマ・ピリオドを検出する (93.507375ms)
✔ S-JA-004 全角括弧を検出する (95.849542ms)
✔ S-JA-006 和文と半角括弧の間の空白欠落を検出する (91.527ms)
✔ S-JA-007 敬体の文末を検出する (92.939917ms)
✔ S-JA-007 かぎ括弧内のUI文言は敬体でも許容する (91.248958ms)
✔ S-SYM-001 EM DASH を検出する (93.620042ms)
✔ S-CODE-001 言語指定のないコードブロックを検出する (100.2295ms)
✔ S-CODE-002 許可されていない言語指定を検出する (98.676667ms)
✔ S-CODE-003 区切り行のない表を検出する (95.916625ms)
✔ S-CODE-004 画像記法を検出する (91.257958ms)
✔ S-CODE-005 非正規の注意ラベルを検出する (87.821334ms)
✔ S-TERM-001 用語集の非正規表記を検出する (91.227333ms)
✔ S-TERM-001 用語集の例外文字列は検出しない (92.6975ms)
✔ S-TERM-001 インラインコードの中は検出しない (93.354709ms)
✔ S-TERM-002 非推奨表記はベースラインを超えたときだけ失敗する (165.972458ms)
✔ S-VAGUE-001 根拠のない曖昧表現を検出し、時点を添えると通る (154.417375ms)
✔ S-IDX-001 索引語の非正規表記を検出する (82.983375ms)
✔ S-IDX-002 索引にない必須用語を検出する (88.90375ms)
✔ S-META-001 未記載のルールIDを検出する (91.473791ms)
✔ variantPattern は正表記の前方一致を除外する (0.155958ms)
✔ maskProtected はインラインコードとリンク先を伏せる (0.135292ms)
✔ apply-style-fixes は規約違反を修正し、二度目は変化しない (1.786958ms)
✔ apply-style-fixes は言語指定のないコードブロックへ text を付ける (0.180834ms)
✔ apply-style-fixes はコードブロックの中身を書き換えない (0.148166ms)
✔ apply-style-fixes はパス文字列を書き換えない (0.264792ms)
✔ apply-style-fixes は注意ラベルを整形する (0.06375ms)
✔ generate-glossary は正本と一致する GLOSSARY.md を作る (12.029584ms)
✔ generate-glossary --check は差分を検出する (67.528083ms)
✔ 用語集の別表記は正表記と重複しない (0.320792ms)
✔ ルール定義は STYLE_GUIDE.md と1対1で対応する (1.021458ms)
✔ ベースラインは baseline 分類のルールにだけ存在する (0.105792ms)
✔ fixer と validator の変異形パターンが一致する (0.360041ms)
ℹ tests 33
ℹ suites 0
ℹ pass 33
ℹ fail 0
ℹ cancelled 0
ℹ skipped 0
ℹ todo 0
ℹ duration_ms 3726.42875
$ node --test scripts/validate-links.test.mjs
Link validation
- documents: 32
- markdown links: 2301
- internal file links: 1976
- anchor links: 2154 (section anchors: 2112)
- chapter references: 220
- section references: 763
- code path references: 644
- code usage commands: 190
- external urls: 107 (occurrences: 110)
- errors: 0
- warnings: 0
✔ githubSlug は GitHub と同じ規則でアンカー候補を作る (0.914458ms)
✔ splitFences はフェンス内の行へ inFence を立てる (0.125083ms)
✔ splitFences は入れ子に見えるチルダフェンスも閉じる (0.094291ms)
ℹ tests 3
ℹ suites 0
ℹ pass 3
ℹ fail 0
ℹ cancelled 0
ℹ skipped 0
ℹ todo 0
ℹ duration_ms 299.216041
$ node --test scripts/apply-code-usage.test.mjs
✔ priority はブラウザ課題の HTML を最優先にする (0.856959ms)
✔ commandFor は拡張子ごとに実行コマンドを選ぶ (0.174959ms)
✔ buildBlock は章ごとに一意な見出しと pnpm 手順を出す (0.452ms)
✔ findBlock はマーカーが無い旧ブロックも見出しからフェンス終端まで拾う (0.826291ms)
✔ findBlock はマーカー付きブロックをマーカーごと置き換え対象にする (0.134833ms)
ℹ tests 5
ℹ suites 0
ℹ pass 5
ℹ fail 0
ℹ cancelled 0
ℹ skipped 0
ℹ todo 0
ℹ duration_ms 76.694791
$ node --test scripts/apply-exercise-totals.test.mjs
✔ formatMinutes は時間と分へ分ける (0.747875ms)
✔ totalsByChapter は章キーが 0 埋めでも実装課題と観察課題を合算する (0.244ms)
ℹ tests 2
ℹ suites 0
ℹ pass 2
ℹ fail 0
ℹ cancelled 0
ℹ skipped 0
ℹ todo 0
ℹ duration_ms 98.3395
$ node --test scripts/clean-build-artifacts.test.mjs
✔ finds dist and coverage under chapter directories only (29.083875ms)
✔ returns nothing when the code directory is absent (2.305958ms)
✔ is idempotent: a cleaned tree reports no artifacts (70.456375ms)
ℹ tests 3
ℹ suites 0
ℹ pass 3
ℹ fail 0
ℹ cancelled 0
ℹ skipped 0
ℹ todo 0
ℹ duration_ms 252.01125
$ node --test scripts/apply-starter-contracts.test.mjs
✔ exported functions, types, and classes become the contract (2.065542ms)
✔ calls inside a method body are not mistaken for declarations (0.260792ms)
✔ private and protected members stay out of the contract (0.194292ms)
✔ applying the block twice produces the same file (0.280083ms)
✔ regenerating replaces the previous block instead of stacking (0.132958ms)
ℹ tests 5
ℹ suites 0
ℹ pass 5
ℹ fail 0
ℹ cancelled 0
ℹ skipped 0
ℹ todo 0
ℹ duration_ms 94.604417
$ node scripts/validate-clean-environment.mjs
Clean environment exercises: 143
local-automated: 113
local-tls: 7
external-service: 17
browser-manual: 6
Mode: structure
Clean environment validation passed.
$ node --test scripts/validate-clean-environment.test.mjs
✔ clean environment plan is structurally valid (67.542417ms)
✔ all 143 exercises have evidence and safety records (1.213167ms)
✔ manual and external exercises cannot silently pass as local automated (0.887333ms)
ℹ tests 3
ℹ suites 0
ℹ pass 3
ℹ fail 0
ℹ cancelled 0
ℹ skipped 0
ℹ todo 0
ℹ duration_ms 148.965875
$ node scripts/validate-exercises.mjs
Exercise chapters: 30
Exercise units: 143
Observation units: 4
Starter artifacts: 151
Solution artifacts: 179
Manuscript references: 156
Exercise cards: 147 / headings: 147
Exercise validation passed
$ node scripts/validate-narrative-flow.mjs
Narrative flow: chapters=30, completed=30
$ node scripts/validate-beta-review.mjs
Beta review scope: chapters=30 (core=15, exercise-only=5, sampled=10), exercises=37 (4630分), personas=6, roles=3, questions=45, severities=4, releaseBlockers=11, requiredSections=199
$ node scripts/validate-links.mjs
Link validation
- documents: 32
- markdown links: 2301
- internal file links: 1976
- anchor links: 2154 (section anchors: 2112)
- chapter references: 220
- section references: 763
- code path references: 644
- code usage commands: 190
- external urls: 107 (occurrences: 110)
- errors: 0
- warnings: 0
$ node scripts/validate-handbook.mjs
Handbook validation
- chapters: 30
- numbered sections/subsections: 415
- learning metadata: 415
- chapter guides: 30
- errors: 0
- warnings: 0
$ node scripts/validate-release-policy.mjs
Release policy validation
- version: 1.0.0 (2026-08-30, released)
- distribution formats: git-repository, static-site
- site pages: 28 (+2 copies)
- licensed files: code=815, text=58, notice=2
- review cycles: 30/30 chapters
- changelog releases: 1
- errata entries: 0
- errors: 0
- warnings: 0
Release policy validation passed: 0 warning(s)
$ node scripts/validate-style.mjs
Style validation
- manuscript files: 8
- glossary terms: 156
- glossary variants: 128
- index terms: 640
- rules: 21
- errors: 0
- warnings: 0
$ node scripts/validate-style.mjs --backlog --check
STYLE_BACKLOG.md は最新である。
Style validation
- manuscript files: 8
- glossary terms: 156
- glossary variants: 128
- index terms: 640
- rules: 21
- errors: 0
- warnings: 0
$ node scripts/clean-build-artifacts.mjs --check
Build artifacts: 0
CHECK_HANDBOOK_EXIT=0

=== 5. build:site / build:site:check ===
$ node scripts/build-site.mjs
Static site: dist/site
Pages: 32
Version: 1.0.0 (2026-08-30)
Inputs: 31
Site build completed.
BUILD_SITE_EXIT=0
$ node scripts/build-site.mjs --check
Deterministic build: ok
Existing artifacts match: dist/site
Pages: 32
Version: 1.0.0 (2026-08-30)
Site build check passed.
BUILD_SITE_CHECK_EXIT=0

=== 6. sha256 ===
d16457a498341819be919c8629a6324b5f33c36e5220f11c5f3a1257c0db7aac  dist/site/release-manifest.json
tests=151 pass=151 fail=0
